Archive member included to satisfy reference by file (symbol)

c:/users/sesa711668/stm32/stm32cubeide_1.12.0/stm32cubeide/plugins/com.st.stm32cube.ide.mcu.externaltools.gnu-tools-for-stm32.10.3-2021.10.win32_1.0.200.202301161003/tools/bin/../lib/gcc/arm-none-eabi/10.3.1/../../../../arm-none-eabi/lib/thumb/v6-m/nofp\libc_nano.a(lib_a-errno.o)
                              ./Core/Src/syscalls.o (__errno)
c:/users/sesa711668/stm32/stm32cubeide_1.12.0/stm32cubeide/plugins/com.st.stm32cube.ide.mcu.externaltools.gnu-tools-for-stm32.10.3-2021.10.win32_1.0.200.202301161003/tools/bin/../lib/gcc/arm-none-eabi/10.3.1/../../../../arm-none-eabi/lib/thumb/v6-m/nofp\libc_nano.a(lib_a-exit.o)
                              c:/users/sesa711668/stm32/stm32cubeide_1.12.0/stm32cubeide/plugins/com.st.stm32cube.ide.mcu.externaltools.gnu-tools-for-stm32.10.3-2021.10.win32_1.0.200.202301161003/tools/bin/../lib/gcc/arm-none-eabi/10.3.1/../../../../arm-none-eabi/lib/thumb/v6-m/nofp/crt0.o (exit)
c:/users/sesa711668/stm32/stm32cubeide_1.12.0/stm32cubeide/plugins/com.st.stm32cube.ide.mcu.externaltools.gnu-tools-for-stm32.10.3-2021.10.win32_1.0.200.202301161003/tools/bin/../lib/gcc/arm-none-eabi/10.3.1/../../../../arm-none-eabi/lib/thumb/v6-m/nofp\libc_nano.a(lib_a-impure.o)
                              c:/users/sesa711668/stm32/stm32cubeide_1.12.0/stm32cubeide/plugins/com.st.stm32cube.ide.mcu.externaltools.gnu-tools-for-stm32.10.3-2021.10.win32_1.0.200.202301161003/tools/bin/../lib/gcc/arm-none-eabi/10.3.1/../../../../arm-none-eabi/lib/thumb/v6-m/nofp\libc_nano.a(lib_a-exit.o) (_global_impure_ptr)
c:/users/sesa711668/stm32/stm32cubeide_1.12.0/stm32cubeide/plugins/com.st.stm32cube.ide.mcu.externaltools.gnu-tools-for-stm32.10.3-2021.10.win32_1.0.200.202301161003/tools/bin/../lib/gcc/arm-none-eabi/10.3.1/../../../../arm-none-eabi/lib/thumb/v6-m/nofp\libc_nano.a(lib_a-init.o)
                              c:/users/sesa711668/stm32/stm32cubeide_1.12.0/stm32cubeide/plugins/com.st.stm32cube.ide.mcu.externaltools.gnu-tools-for-stm32.10.3-2021.10.win32_1.0.200.202301161003/tools/bin/../lib/gcc/arm-none-eabi/10.3.1/../../../../arm-none-eabi/lib/thumb/v6-m/nofp/crt0.o (__libc_init_array)
c:/users/sesa711668/stm32/stm32cubeide_1.12.0/stm32cubeide/plugins/com.st.stm32cube.ide.mcu.externaltools.gnu-tools-for-stm32.10.3-2021.10.win32_1.0.200.202301161003/tools/bin/../lib/gcc/arm-none-eabi/10.3.1/../../../../arm-none-eabi/lib/thumb/v6-m/nofp\libc_nano.a(lib_a-memcpy-stub.o)
                              ./Core/Src/main.o (memcpy)
c:/users/sesa711668/stm32/stm32cubeide_1.12.0/stm32cubeide/plugins/com.st.stm32cube.ide.mcu.externaltools.gnu-tools-for-stm32.10.3-2021.10.win32_1.0.200.202301161003/tools/bin/../lib/gcc/arm-none-eabi/10.3.1/../../../../arm-none-eabi/lib/thumb/v6-m/nofp\libc_nano.a(lib_a-memset.o)
                              c:/users/sesa711668/stm32/stm32cubeide_1.12.0/stm32cubeide/plugins/com.st.stm32cube.ide.mcu.externaltools.gnu-tools-for-stm32.10.3-2021.10.win32_1.0.200.202301161003/tools/bin/../lib/gcc/arm-none-eabi/10.3.1/../../../../arm-none-eabi/lib/thumb/v6-m/nofp/crt0.o (memset)
c:/users/sesa711668/stm32/stm32cubeide_1.12.0/stm32cubeide/plugins/com.st.stm32cube.ide.mcu.externaltools.gnu-tools-for-stm32.10.3-2021.10.win32_1.0.200.202301161003/tools/bin/../lib/gcc/arm-none-eabi/10.3.1/thumb/v6-m/nofp\libgcc.a(_udivsi3.o)
                              ./Core/Src/main.o (__aeabi_uidiv)
c:/users/sesa711668/stm32/stm32cubeide_1.12.0/stm32cubeide/plugins/com.st.stm32cube.ide.mcu.externaltools.gnu-tools-for-stm32.10.3-2021.10.win32_1.0.200.202301161003/tools/bin/../lib/gcc/arm-none-eabi/10.3.1/thumb/v6-m/nofp\libgcc.a(_dvmd_tls.o)
                              c:/users/sesa711668/stm32/stm32cubeide_1.12.0/stm32cubeide/plugins/com.st.stm32cube.ide.mcu.externaltools.gnu-tools-for-stm32.10.3-2021.10.win32_1.0.200.202301161003/tools/bin/../lib/gcc/arm-none-eabi/10.3.1/thumb/v6-m/nofp\libgcc.a(_udivsi3.o) (__aeabi_idiv0)

Discarded input sections

 .text          0x0000000000000000        0x0 c:/users/sesa711668/stm32/stm32cubeide_1.12.0/stm32cubeide/plugins/com.st.stm32cube.ide.mcu.externaltools.gnu-tools-for-stm32.10.3-2021.10.win32_1.0.200.202301161003/tools/bin/../lib/gcc/arm-none-eabi/10.3.1/thumb/v6-m/nofp/crti.o
 .data          0x0000000000000000        0x0 c:/users/sesa711668/stm32/stm32cubeide_1.12.0/stm32cubeide/plugins/com.st.stm32cube.ide.mcu.externaltools.gnu-tools-for-stm32.10.3-2021.10.win32_1.0.200.202301161003/tools/bin/../lib/gcc/arm-none-eabi/10.3.1/thumb/v6-m/nofp/crti.o
 .bss           0x0000000000000000        0x0 c:/users/sesa711668/stm32/stm32cubeide_1.12.0/stm32cubeide/plugins/com.st.stm32cube.ide.mcu.externaltools.gnu-tools-for-stm32.10.3-2021.10.win32_1.0.200.202301161003/tools/bin/../lib/gcc/arm-none-eabi/10.3.1/thumb/v6-m/nofp/crti.o
[...]
Memory Configuration

Name             Origin             Length             Attributes
RAM              0x0000000020000000 0x0000000000002000 xrw
FLASH            0x0000000008000000 0x0000000000010000 xr
*default*        0x0000000000000000 0xffffffffffffffff

Linker script and memory map

LOAD c:/users/sesa711668/stm32/stm32cubeide_1.12.0/stm32cubeide/plugins/com.st.stm32cube.ide.mcu.externaltools.gnu-tools-for-stm32.10.3-2021.10.win32_1.0.200.202301161003/tools/bin/../lib/gcc/arm-none-eabi/10.3.1/thumb/v6-m/nofp/crti.o
LOAD c:/users/sesa711668/stm32/stm32cubeide_1.12.0/stm32cubeide/plugins/com.st.stm32cube.ide.mcu.externaltools.gnu-tools-for-stm32.10.3-2021.10.win32_1.0.200.202301161003/tools/bin/../lib/gcc/arm-none-eabi/10.3.1/thumb/v6-m/nofp/crtbegin.o
LOAD c:/users/sesa711668/stm32/stm32cubeide_1.12.0/stm32cubeide/plugins/com.st.stm32cube.ide.mcu.externaltools.gnu-tools-for-stm32.10.3-2021.10.win32_1.0.200.202301161003/tools/bin/../lib/gcc/arm-none-eabi/10.3.1/../../../../arm-none-eabi/lib/thumb/v6-m/nofp/crt0.o
LOAD ./Core/Src/main.o
LOAD ./Core/Src/stm32f0xx_hal_msp.o
LOAD ./Core/Src/stm32f0xx_it.o
LOAD ./Core/Src/syscalls.o
LOAD ./Core/Src/sysmem.o
LOAD ./Core/Src/system_stm32f0xx.o
LOAD ./Core/Startup/startup_stm32f030r8tx.o
LOAD ./Drivers/STM32F0xx_HAL_Driver/Src/stm32f0xx_hal.o
LOAD ./Drivers/STM32F0xx_HAL_Driver/Src/stm32f0xx_hal_cortex.o
LOAD ./Drivers/STM32F0xx_HAL_Driver/Src/stm32f0xx_hal_dma.o
LOAD ./Drivers/STM32F0xx_HAL_Driver/Src/stm32f0xx_hal_exti.o
LOAD ./Drivers/STM32F0xx_HAL_Driver/Src/stm32f0xx_hal_flash.o
LOAD ./Drivers/STM32F0xx_HAL_Driver/Src/stm32f0xx_hal_flash_ex.o
LOAD ./Drivers/STM32F0xx_HAL_Driver/Src/stm32f0xx_hal_gpio.o
LOAD ./Drivers/STM32F0xx_HAL_Driver/Src/stm32f0xx_hal_i2c.o
LOAD ./Drivers/STM32F0xx_HAL_Driver/Src/stm32f0xx_hal_i2c_ex.o
LOAD ./Drivers/STM32F0xx_HAL_Driver/Src/stm32f0xx_hal_pwr.o
LOAD ./Drivers/STM32F0xx_HAL_Driver/Src/stm32f0xx_hal_pwr_ex.o
LOAD ./Drivers/STM32F0xx_HAL_Driver/Src/stm32f0xx_hal_rcc.o
LOAD ./Drivers/STM32F0xx_HAL_Driver/Src/stm32f0xx_hal_rcc_ex.o
LOAD ./Drivers/STM32F0xx_HAL_Driver/Src/stm32f0xx_hal_spi.o
LOAD ./Drivers/STM32F0xx_HAL_Driver/Src/stm32f0xx_hal_spi_ex.o
LOAD ./Drivers/STM32F0xx_HAL_Driver/Src/stm32f0xx_hal_tim.o
LOAD ./Drivers/STM32F0xx_HAL_Driver/Src/stm32f0xx_hal_tim_ex.o
LOAD ./Drivers/STM32F0xx_HAL_Driver/Src/stm32f0xx_hal_uart.o
LOAD ./Drivers/STM32F0xx_HAL_Driver/Src/stm32f0xx_hal_uart_ex.o
START GROUP
LOAD c:/users/sesa711668/stm32/stm32cubeide_1.12.0/stm32cubeide/plugins/com.st.stm32cube.ide.mcu.externaltools.gnu-tools-for-stm32.10.3-2021.10.win32_1.0.200.202301161003/tools/bin/../lib/gcc/arm-none-eabi/10.3.1/../../../../arm-none-eabi/lib/thumb/v6-m/nofp\libc_nano.a
LOAD c:/users/sesa711668/stm32/stm32cubeide_1.12.0/stm32cubeide/plugins/com.st.stm32cube.ide.mcu.externaltools.gnu-tools-for-stm32.10.3-2021.10.win32_1.0.200.202301161003/tools/bin/../lib/gcc/arm-none-eabi/10.3.1/../../../../arm-none-eabi/lib/thumb/v6-m/nofp\libm.a
END GROUP
START GROUP
LOAD c:/users/sesa711668/stm32/stm32cubeide_1.12.0/stm32cubeide/plugins/com.st.stm32cube.ide.mcu.externaltools.gnu-tools-for-stm32.10.3-2021.10.win32_1.0.200.202301161003/tools/bin/../lib/gcc/arm-none-eabi/10.3.1/thumb/v6-m/nofp\libgcc.a
LOAD c:/users/sesa711668/stm32/stm32cubeide_1.12.0/stm32cubeide/plugins/com.st.stm32cube.ide.mcu.externaltools.gnu-tools-for-stm32.10.3-2021.10.win32_1.0.200.202301161003/tools/bin/../lib/gcc/arm-none-eabi/10.3.1/../../../../arm-none-eabi/lib/thumb/v6-m/nofp\libc_nano.a
END GROUP
START GROUP
LOAD c:/users/sesa711668/stm32/stm32cubeide_1.12.0/stm32cubeide/plugins/com.st.stm32cube.ide.mcu.externaltools.gnu-tools-for-stm32.10.3-2021.10.win32_1.0.200.202301161003/tools/bin/../lib/gcc/arm-none-eabi/10.3.1/thumb/v6-m/nofp\libgcc.a
LOAD c:/users/sesa711668/stm32/stm32cubeide_1.12.0/stm32cubeide/plugins/com.st.stm32cube.ide.mcu.externaltools.gnu-tools-for-stm32.10.3-2021.10.win32_1.0.200.202301161003/tools/bin/../lib/gcc/arm-none-eabi/10.3.1/../../../../arm-none-eabi/lib/thumb/v6-m/nofp\libc_nano.a
LOAD c:/users/sesa711668/stm32/stm32cubeide_1.12.0/stm32cubeide/plugins/com.st.stm32cube.ide.mcu.externaltools.gnu-tools-for-stm32.10.3-2021.10.win32_1.0.200.202301161003/tools/bin/../lib/gcc/arm-none-eabi/10.3.1/../../../../arm-none-eabi/lib/thumb/v6-m/nofp\libnosys.a
END GROUP
START GROUP
LOAD c:/users/sesa711668/stm32/stm32cubeide_1.12.0/stm32cubeide/plugins/com.st.stm32cube.ide.mcu.externaltools.gnu-tools-for-stm32.10.3-2021.10.win32_1.0.200.202301161003/tools/bin/../lib/gcc/arm-none-eabi/10.3.1/thumb/v6-m/nofp\libgcc.a
LOAD c:/users/sesa711668/stm32/stm32cubeide_1.12.0/stm32cubeide/plugins/com.st.stm32cube.ide.mcu.externaltools.gnu-tools-for-stm32.10.3-2021.10.win32_1.0.200.202301161003/tools/bin/../lib/gcc/arm-none-eabi/10.3.1/../../../../arm-none-eabi/lib/thumb/v6-m/nofp\libc_nano.a
LOAD c:/users/sesa711668/stm32/stm32cubeide_1.12.0/stm32cubeide/plugins/com.st.stm32cube.ide.mcu.externaltools.gnu-tools-for-stm32.10.3-2021.10.win32_1.0.200.202301161003/tools/bin/../lib/gcc/arm-none-eabi/10.3.1/../../../../arm-none-eabi/lib/thumb/v6-m/nofp\libnosys.a
END GROUP
LOAD c:/users/sesa711668/stm32/stm32cubeide_1.12.0/stm32cubeide/plugins/com.st.stm32cube.ide.mcu.externaltools.gnu-tools-for-stm32.10.3-2021.10.win32_1.0.200.202301161003/tools/bin/../lib/gcc/arm-none-eabi/10.3.1/thumb/v6-m/nofp/crtend.o
LOAD c:/users/sesa711668/stm32/stm32cubeide_1.12.0/stm32cubeide/plugins/com.st.stm32cube.ide.mcu.externaltools.gnu-tools-for-stm32.10.3-2021.10.win32_1.0.200.202301161003/tools/bin/../lib/gcc/arm-none-eabi/10.3.1/thumb/v6-m/nofp/crtn.o
                0x0000000020002000                _estack = (ORIGIN (RAM) + LENGTH (RAM))
                0x0000000000000200                _Min_Heap_Size = 0x200
                0x0000000000000400                _Min_Stack_Size = 0x400

.isr_vector     0x0000000008000000       0xc0
                0x0000000008000000                . = ALIGN (0x4)
 *(.isr_vector)
 .isr_vector    0x0000000008000000       0xc0 ./Core/Startup/startup_stm32f030r8tx.o
                0x0000000008000000                g_pfnVectors
                0x00000000080000c0                . = ALIGN (0x4)

.text           0x00000000080000c0     0x3ee4
                0x00000000080000c0                . = ALIGN (0x4)
 *(.text)
 .text          0x00000000080000c0       0x48 c:/users/sesa711668/stm32/stm32cubeide_1.12.0/stm32cubeide/plugins/com.st.stm32cube.ide.mcu.externaltools.gnu-tools-for-stm32.10.3-2021.10.win32_1.0.200.202301161003/tools/bin/../lib/gcc/arm-none-eabi/10.3.1/thumb/v6-m/nofp/crtbegin.o
 .text          0x0000000008000108      0x114 c:/users/sesa711668/stm32/stm32cubeide_1.12.0/stm32cubeide/plugins/com.st.stm32cube.ide.mcu.externaltools.gnu-tools-for-stm32.10.3-2021.10.win32_1.0.200.202301161003/tools/bin/../lib/gcc/arm-none-eabi/10.3.1/thumb/v6-m/nofp\libgcc.a(_udivsi3.o)
                0x0000000008000108                __aeabi_uidiv
                0x0000000008000108                __udivsi3
                0x0000000008000214                __aeabi_uidivmod
 .text          0x000000000800021c        0x4 c:/users/sesa711668/stm32/stm32cubeide_1.12.0/stm32cubeide/plugins/com.st.stm32cube.ide.mcu.externaltools.gnu-tools-for-stm32.10.3-2021.10.win32_1.0.200.202301161003/tools/bin/../lib/gcc/arm-none-eabi/10.3.1/thumb/v6-m/nofp\libgcc.a(_dvmd_tls.o)
                0x000000000800021c                __aeabi_idiv0
                0x000000000800021c                __aeabi_ldiv0
 *(.text*)
 .text.main     0x0000000008000220       0xc0 ./Core/Src/main.o
                0x0000000008000220                main
 .text.SystemClock_Config
                0x00000000080002e0       0xc2 ./Core/Src/main.o
                0x00000000080002e0                SystemClock_Config
 *fill*         0x00000000080003a2        0x2 
 .text.MX_SPI1_Init
                0x00000000080003a4       0x7c ./Core/Src/main.o
 .text.MX_TIM1_Init
                0x0000000008000420       0xd4 ./Core/Src/main.o
 .text.MX_USART1_UART_Init
                0x00000000080004f4       0x88 ./Core/Src/main.o
 .text.MX_GPIO_Init
                0x000000000800057c       0x90 ./Core/Src/main.o
 .text.setTxData
                0x000000000800060c       0xca ./Core/Src/main.o
                0x000000000800060c                setTxData
 *fill*         0x00000000080006d6        0x2 
 .text.readADC  0x00000000080006d8       0x64 ./Core/Src/main.o
                0x00000000080006d8                readADC
 .text.handleReceivedData
                0x000000000800073c       0x30 ./Core/Src/main.o
                0x000000000800073c                handleReceivedData
 .text.uint16_to_char_array
                0x000000000800076c       0x90 ./Core/Src/main.o
                0x000000000800076c                uint16_to_char_array
 .text.uartPrint
                0x00000000080007fc      0x124 ./Core/Src/main.o
                0x00000000080007fc                uartPrint
 .text.HAL_UART_TxCpltCallback
                0x0000000008000920       0x30 ./Core/Src/main.o
                0x0000000008000920                HAL_UART_TxCpltCallback
 .text.HAL_TIM_PeriodElapsedCallback
                0x0000000008000950       0x90 ./Core/Src/main.o
                0x0000000008000950                HAL_TIM_PeriodElapsedCallback
 .text.Error_Handler
                0x00000000080009e0        0xa ./Core/Src/main.o
                0x00000000080009e0                Error_Handler
 *fill*         0x00000000080009ea        0x2 
 .text.HAL_MspInit
                0x00000000080009ec       0x48 ./Core/Src/stm32f0xx_hal_msp.o
                0x00000000080009ec                HAL_MspInit
 .text.HAL_SPI_MspInit
                0x0000000008000a34       0x98 ./Core/Src/stm32f0xx_hal_msp.o
                0x0000000008000a34                HAL_SPI_MspInit
 .text.HAL_TIM_Base_MspInit
                0x0000000008000acc       0x50 ./Core/Src/stm32f0xx_hal_msp.o
                0x0000000008000acc                HAL_TIM_Base_MspInit
 .text.HAL_UART_MspInit
                0x0000000008000b1c       0xac ./Core/Src/stm32f0xx_hal_msp.o
                0x0000000008000b1c                HAL_UART_MspInit
 .text.NMI_Handler
                0x0000000008000bc8        0x6 ./Core/Src/stm32f0xx_it.o
                0x0000000008000bc8                NMI_Handler
 .text.HardFault_Handler
                0x0000000008000bce        0x6 ./Core/Src/stm32f0xx_it.o
                0x0000000008000bce                HardFault_Handler
 .text.SVC_Handler
                0x0000000008000bd4        0xa ./Core/Src/stm32f0xx_it.o
                0x0000000008000bd4                SVC_Handler
 .text.PendSV_Handler
                0x0000000008000bde        0xa ./Core/Src/stm32f0xx_it.o
                0x0000000008000bde                PendSV_Handler
 .text.SysTick_Handler
                0x0000000008000be8        0xe ./Core/Src/stm32f0xx_it.o
                0x0000000008000be8                SysTick_Handler
 *fill*         0x0000000008000bf6        0x2 
 .text.TIM1_BRK_UP_TRG_COM_IRQHandler
                0x0000000008000bf8       0x18 ./Core/Src/stm32f0xx_it.o
                0x0000000008000bf8                TIM1_BRK_UP_TRG_COM_IRQHandler
 .text.USART1_IRQHandler
                0x0000000008000c10       0x18 ./Core/Src/stm32f0xx_it.o
                0x0000000008000c10                USART1_IRQHandler
 .text.SystemInit
                0x0000000008000c28        0xa ./Core/Src/system_stm32f0xx.o
                0x0000000008000c28                SystemInit
 *fill*         0x0000000008000c32        0x2 
 .text.Reset_Handler
                0x0000000008000c34       0x50 ./Core/Startup/startup_stm32f030r8tx.o
                0x0000000008000c34                Reset_Handler
 .text.Default_Handler
                0x0000000008000c84        0x2 ./Core/Startup/startup_stm32f030r8tx.o
                0x0000000008000c84                TIM1_CC_IRQHandler
                0x0000000008000c84                TIM6_IRQHandler
                0x0000000008000c84                I2C1_IRQHandler
                0x0000000008000c84                SPI1_IRQHandler
                0x0000000008000c84                EXTI2_3_IRQHandler
                0x0000000008000c84                ADC1_IRQHandler
                0x0000000008000c84                I2C2_IRQHandler
                0x0000000008000c84                TIM17_IRQHandler
                0x0000000008000c84                RTC_IRQHandler
                0x0000000008000c84                TIM16_IRQHandler
                0x0000000008000c84                TIM3_IRQHandler
                0x0000000008000c84                EXTI4_15_IRQHandler
                0x0000000008000c84                RCC_IRQHandler
                0x0000000008000c84                DMA1_Channel1_IRQHandler
                0x0000000008000c84                Default_Handler
                0x0000000008000c84                TIM14_IRQHandler
                0x0000000008000c84                DMA1_Channel4_5_IRQHandler
                0x0000000008000c84                TIM15_IRQHandler
                0x0000000008000c84                EXTI0_1_IRQHandler
                0x0000000008000c84                SPI2_IRQHandler
                0x0000000008000c84                WWDG_IRQHandler
                0x0000000008000c84                DMA1_Channel2_3_IRQHandler
                0x0000000008000c84                USART2_IRQHandler
                0x0000000008000c84                FLASH_IRQHandler
 *fill*         0x0000000008000c86        0x2 
 .text.HAL_Init
                0x0000000008000c88       0x28 ./Drivers/STM32F0xx_HAL_Driver/Src/stm32f0xx_hal.o
                0x0000000008000c88                HAL_Init
 .text.HAL_InitTick
                0x0000000008000cb0       0x68 ./Drivers/STM32F0xx_HAL_Driver/Src/stm32f0xx_hal.o
                0x0000000008000cb0                HAL_InitTick
 .text.HAL_IncTick
                0x0000000008000d18       0x24 ./Drivers/STM32F0xx_HAL_Driver/Src/stm32f0xx_hal.o
                0x0000000008000d18                HAL_IncTick
 .text.HAL_GetTick
                0x0000000008000d3c       0x14 ./Drivers/STM32F0xx_HAL_Driver/Src/stm32f0xx_hal.o
                0x0000000008000d3c                HAL_GetTick
 .text.__NVIC_EnableIRQ
                0x0000000008000d50       0x34 ./Drivers/STM32F0xx_HAL_Driver/Src/stm32f0xx_hal_cortex.o
 .text.__NVIC_SetPriority
                0x0000000008000d84       0xdc ./Drivers/STM32F0xx_HAL_Driver/Src/stm32f0xx_hal_cortex.o
 .text.SysTick_Config
                0x0000000008000e60       0x48 ./Drivers/STM32F0xx_HAL_Driver/Src/stm32f0xx_hal_cortex.o
 .text.HAL_NVIC_SetPriority
                0x0000000008000ea8       0x2a ./Drivers/STM32F0xx_HAL_Driver/Src/stm32f0xx_hal_cortex.o
                0x0000000008000ea8                HAL_NVIC_SetPriority
 .text.HAL_NVIC_EnableIRQ
                0x0000000008000ed2       0x20 ./Drivers/STM32F0xx_HAL_Driver/Src/stm32f0xx_hal_cortex.o
                0x0000000008000ed2                HAL_NVIC_EnableIRQ
 .text.HAL_SYSTICK_Config
                0x0000000008000ef2       0x1a ./Drivers/STM32F0xx_HAL_Driver/Src/stm32f0xx_hal_cortex.o
                0x0000000008000ef2                HAL_SYSTICK_Config
 .text.HAL_DMA_Abort
                0x0000000008000f0c       0x70 ./Drivers/STM32F0xx_HAL_Driver/Src/stm32f0xx_hal_dma.o
                0x0000000008000f0c                HAL_DMA_Abort
 .text.HAL_DMA_Abort_IT
                0x0000000008000f7c       0x8a ./Drivers/STM32F0xx_HAL_Driver/Src/stm32f0xx_hal_dma.o
                0x0000000008000f7c                HAL_DMA_Abort_IT
 *fill*         0x0000000008001006        0x2 
 .text.HAL_GPIO_Init
                0x0000000008001008      0x2e0 ./Drivers/STM32F0xx_HAL_Driver/Src/stm32f0xx_hal_gpio.o
                0x0000000008001008                HAL_GPIO_Init
 .text.HAL_GPIO_WritePin
                0x00000000080012e8       0x3a ./Drivers/STM32F0xx_HAL_Driver/Src/stm32f0xx_hal_gpio.o
                0x00000000080012e8                HAL_GPIO_WritePin
 *fill*         0x0000000008001322        0x2 
 .text.HAL_RCC_OscConfig
                0x0000000008001324      0x634 ./Drivers/STM32F0xx_HAL_Driver/Src/stm32f0xx_hal_rcc.o
                0x0000000008001324                HAL_RCC_OscConfig
 .text.HAL_RCC_ClockConfig
                0x0000000008001958      0x19c ./Drivers/STM32F0xx_HAL_Driver/Src/stm32f0xx_hal_rcc.o
                0x0000000008001958                HAL_RCC_ClockConfig
 .text.HAL_RCC_GetSysClockFreq
                0x0000000008001af4       0xac ./Drivers/STM32F0xx_HAL_Driver/Src/stm32f0xx_hal_rcc.o
                0x0000000008001af4                HAL_RCC_GetSysClockFreq
 .text.HAL_RCC_GetHCLKFreq
                0x0000000008001ba0       0x14 ./Drivers/STM32F0xx_HAL_Driver/Src/stm32f0xx_hal_rcc.o
                0x0000000008001ba0                HAL_RCC_GetHCLKFreq
 .text.HAL_RCC_GetPCLK1Freq
                0x0000000008001bb4       0x2c ./Drivers/STM32F0xx_HAL_Driver/Src/stm32f0xx_hal_rcc.o
                0x0000000008001bb4                HAL_RCC_GetPCLK1Freq
 .text.HAL_RCCEx_PeriphCLKConfig
                0x0000000008001be0      0x19c ./Drivers/STM32F0xx_HAL_Driver/Src/stm32f0xx_hal_rcc_ex.o
                0x0000000008001be0                HAL_RCCEx_PeriphCLKConfig
 .text.HAL_SPI_Init
                0x0000000008001d7c      0x170 ./Drivers/STM32F0xx_HAL_Driver/Src/stm32f0xx_hal_spi.o
                0x0000000008001d7c                HAL_SPI_Init
 .text.HAL_SPI_TransmitReceive
                0x0000000008001eec      0x3c4 ./Drivers/STM32F0xx_HAL_Driver/Src/stm32f0xx_hal_spi.o
                0x0000000008001eec                HAL_SPI_TransmitReceive
 .text.SPI_WaitFlagStateUntilTimeout
                0x00000000080022b0      0x11c ./Drivers/STM32F0xx_HAL_Driver/Src/stm32f0xx_hal_spi.o
 .text.SPI_WaitFifoStateUntilTimeout
                0x00000000080023cc      0x144 ./Drivers/STM32F0xx_HAL_Driver/Src/stm32f0xx_hal_spi.o
 .text.SPI_EndRxTxTransaction
                0x0000000008002510       0x8c ./Drivers/STM32F0xx_HAL_Driver/Src/stm32f0xx_hal_spi.o
 .text.HAL_TIM_Base_Init
                0x000000000800259c       0xa0 ./Drivers/STM32F0xx_HAL_Driver/Src/stm32f0xx_hal_tim.o
                0x000000000800259c                HAL_TIM_Base_Init
 .text.HAL_TIM_Base_Start_IT
                0x000000000800263c       0x98 ./Drivers/STM32F0xx_HAL_Driver/Src/stm32f0xx_hal_tim.o
                0x000000000800263c                HAL_TIM_Base_Start_IT
 .text.HAL_TIM_IRQHandler
                0x00000000080026d4      0x22c ./Drivers/STM32F0xx_HAL_Driver/Src/stm32f0xx_hal_tim.o
                0x00000000080026d4                HAL_TIM_IRQHandler
 .text.HAL_TIM_ConfigClockSource
                0x0000000008002900      0x1a8 ./Drivers/STM32F0xx_HAL_Driver/Src/stm32f0xx_hal_tim.o
                0x0000000008002900                HAL_TIM_ConfigClockSource
 .text.HAL_TIM_OC_DelayElapsedCallback
                0x0000000008002aa8       0x10 ./Drivers/STM32F0xx_HAL_Driver/Src/stm32f0xx_hal_tim.o
                0x0000000008002aa8                HAL_TIM_OC_DelayElapsedCallback
 .text.HAL_TIM_IC_CaptureCallback
                0x0000000008002ab8       0x10 ./Drivers/STM32F0xx_HAL_Driver/Src/stm32f0xx_hal_tim.o
                0x0000000008002ab8                HAL_TIM_IC_CaptureCallback
 .text.HAL_TIM_PWM_PulseFinishedCallback
                0x0000000008002ac8       0x10 ./Drivers/STM32F0xx_HAL_Driver/Src/stm32f0xx_hal_tim.o
                0x0000000008002ac8                HAL_TIM_PWM_PulseFinishedCallback
 .text.HAL_TIM_TriggerCallback
                0x0000000008002ad8       0x10 ./Drivers/STM32F0xx_HAL_Driver/Src/stm32f0xx_hal_tim.o
                0x0000000008002ad8                HAL_TIM_TriggerCallback
 .text.TIM_Base_SetConfig
                0x0000000008002ae8       0xec ./Drivers/STM32F0xx_HAL_Driver/Src/stm32f0xx_hal_tim.o
                0x0000000008002ae8                TIM_Base_SetConfig
 .text.TIM_TI1_ConfigInputStage
                0x0000000008002bd4       0x5c ./Drivers/STM32F0xx_HAL_Driver/Src/stm32f0xx_hal_tim.o
 .text.TIM_TI2_ConfigInputStage
                0x0000000008002c30       0x64 ./Drivers/STM32F0xx_HAL_Driver/Src/stm32f0xx_hal_tim.o
 .text.TIM_ITRx_SetConfig
                0x0000000008002c94       0x32 ./Drivers/STM32F0xx_HAL_Driver/Src/stm32f0xx_hal_tim.o
 *fill*         0x0000000008002cc6        0x2 
 .text.TIM_ETR_SetConfig
                0x0000000008002cc8       0x40 ./Drivers/STM32F0xx_HAL_Driver/Src/stm32f0xx_hal_tim.o
                0x0000000008002cc8                TIM_ETR_SetConfig
 .text.HAL_TIMEx_MasterConfigSynchronization
                0x0000000008002d08       0xb0 ./Drivers/STM32F0xx_HAL_Driver/Src/stm32f0xx_hal_tim_ex.o
                0x0000000008002d08                HAL_TIMEx_MasterConfigSynchronization
 .text.HAL_TIMEx_CommutCallback
                0x0000000008002db8       0x10 ./Drivers/STM32F0xx_HAL_Driver/Src/stm32f0xx_hal_tim_ex.o
                0x0000000008002db8                HAL_TIMEx_CommutCallback
 .text.HAL_TIMEx_BreakCallback
                0x0000000008002dc8       0x10 ./Drivers/STM32F0xx_HAL_Driver/Src/stm32f0xx_hal_tim_ex.o
                0x0000000008002dc8                HAL_TIMEx_BreakCallback
 .text.HAL_UART_Init
                0x0000000008002dd8       0xa8 ./Drivers/STM32F0xx_HAL_Driver/Src/stm32f0xx_hal_uart.o
                0x0000000008002dd8                HAL_UART_Init
 .text.HAL_UART_Transmit
                0x0000000008002e80      0x140 ./Drivers/STM32F0xx_HAL_Driver/Src/stm32f0xx_hal_uart.o
                0x0000000008002e80                HAL_UART_Transmit
 .text.HAL_UART_Transmit_IT
                0x0000000008002fc0       0xe0 ./Drivers/STM32F0xx_HAL_Driver/Src/stm32f0xx_hal_uart.o
                0x0000000008002fc0                HAL_UART_Transmit_IT
 .text.HAL_UART_IRQHandler
                0x00000000080030a0      0x590 ./Drivers/STM32F0xx_HAL_Driver/Src/stm32f0xx_hal_uart.o
                0x00000000080030a0                HAL_UART_IRQHandler
 .text.HAL_UART_ErrorCallback
                0x0000000008003630       0x10 ./Drivers/STM32F0xx_HAL_Driver/Src/stm32f0xx_hal_uart.o
                0x0000000008003630                HAL_UART_ErrorCallback
 .text.HAL_UARTEx_RxEventCallback
                0x0000000008003640       0x16 ./Drivers/STM32F0xx_HAL_Driver/Src/stm32f0xx_hal_uart.o
                0x0000000008003640                HAL_UARTEx_RxEventCallback
 *fill*         0x0000000008003656        0x2 
 .text.UART_SetConfig
                0x0000000008003658      0x280 ./Drivers/STM32F0xx_HAL_Driver/Src/stm32f0xx_hal_uart.o
                0x0000000008003658                UART_SetConfig
 .text.UART_AdvFeatureConfig
                0x00000000080038d8      0x168 ./Drivers/STM32F0xx_HAL_Driver/Src/stm32f0xx_hal_uart.o
                0x00000000080038d8                UART_AdvFeatureConfig
 .text.UART_CheckIdleState
                0x0000000008003a40      0x150 ./Drivers/STM32F0xx_HAL_Driver/Src/stm32f0xx_hal_uart.o
                0x0000000008003a40                UART_CheckIdleState
 .text.UART_WaitOnFlagUntilTimeout
                0x0000000008003b90       0xd2 ./Drivers/STM32F0xx_HAL_Driver/Src/stm32f0xx_hal_uart.o
                0x0000000008003b90                UART_WaitOnFlagUntilTimeout
 *fill*         0x0000000008003c62        0x2 
 .text.UART_EndRxTransfer
                0x0000000008003c64       0xc8 ./Drivers/STM32F0xx_HAL_Driver/Src/stm32f0xx_hal_uart.o
 .text.UART_DMAAbortOnError
                0x0000000008003d2c       0x2e ./Drivers/STM32F0xx_HAL_Driver/Src/stm32f0xx_hal_uart.o
 .text.UART_TxISR_8BIT
                0x0000000008003d5a       0xb4 ./Drivers/STM32F0xx_HAL_Driver/Src/stm32f0xx_hal_uart.o
 .text.UART_TxISR_16BIT
                0x0000000008003e0e       0xbc ./Drivers/STM32F0xx_HAL_Driver/Src/stm32f0xx_hal_uart.o
 .text.UART_EndTransmit_IT
                0x0000000008003eca       0x56 ./Drivers/STM32F0xx_HAL_Driver/Src/stm32f0xx_hal_uart.o
 .text.__libc_init_array
                0x0000000008003f20       0x48 c:/users/sesa711668/stm32/stm32cubeide_1.12.0/stm32cubeide/plugins/com.st.stm32cube.ide.mcu.externaltools.gnu-tools-for-stm32.10.3-2021.10.win32_1.0.200.202301161003/tools/bin/../lib/gcc/arm-none-eabi/10.3.1/../../../../arm-none-eabi/lib/thumb/v6-m/nofp\libc_nano.a(lib_a-init.o)
                0x0000000008003f20                __libc_init_array
 .text.memcpy   0x0000000008003f68       0x12 c:/users/sesa711668/stm32/stm32cubeide_1.12.0/stm32cubeide/plugins/com.st.stm32cube.ide.mcu.externaltools.gnu-tools-for-stm32.10.3-2021.10.win32_1.0.200.202301161003/tools/bin/../lib/gcc/arm-none-eabi/10.3.1/../../../../arm-none-eabi/lib/thumb/v6-m/nofp\libc_nano.a(lib_a-memcpy-stub.o)
                0x0000000008003f68                memcpy
 .text.memset   0x0000000008003f7a       0x10 c:/users/sesa711668/stm32/stm32cubeide_1.12.0/stm32cubeide/plugins/com.st.stm32cube.ide.mcu.externaltools.gnu-tools-for-stm32.10.3-2021.10.win32_1.0.200.202301161003/tools/bin/../lib/gcc/arm-none-eabi/10.3.1/../../../../arm-none-eabi/lib/thumb/v6-m/nofp\libc_nano.a(lib_a-memset.o)
                0x0000000008003f7a                memset
 *(.glue_7)
 .glue_7        0x0000000008003f8a        0x0 linker stubs
 *(.glue_7t)
 .glue_7t       0x0000000008003f8a        0x0 linker stubs
 *(.eh_frame)
 *fill*         0x0000000008003f8a        0x2 
 .eh_frame      0x0000000008003f8c        0x0 c:/users/sesa711668/stm32/stm32cubeide_1.12.0/stm32cubeide/plugins/com.st.stm32cube.ide.mcu.externaltools.gnu-tools-for-stm32.10.3-2021.10.win32_1.0.200.202301161003/tools/bin/../lib/gcc/arm-none-eabi/10.3.1/thumb/v6-m/nofp/crtbegin.o
 *(.init)
 .init          0x0000000008003f8c        0x4 c:/users/sesa711668/stm32/stm32cubeide_1.12.0/stm32cubeide/plugins/com.st.stm32cube.ide.mcu.externaltools.gnu-tools-for-stm32.10.3-2021.10.win32_1.0.200.202301161003/tools/bin/../lib/gcc/arm-none-eabi/10.3.1/thumb/v6-m/nofp/crti.o
                0x0000000008003f8c                _init
 .init          0x0000000008003f90        0x8 c:/users/sesa711668/stm32/stm32cubeide_1.12.0/stm32cubeide/plugins/com.st.stm32cube.ide.mcu.externaltools.gnu-tools-for-stm32.10.3-2021.10.win32_1.0.200.202301161003/tools/bin/../lib/gcc/arm-none-eabi/10.3.1/thumb/v6-m/nofp/crtn.o
 *(.fini)
 .fini          0x0000000008003f98        0x4 c:/users/sesa711668/stm32/stm32cubeide_1.12.0/stm32cubeide/plugins/com.st.stm32cube.ide.mcu.externaltools.gnu-tools-for-stm32.10.3-2021.10.win32_1.0.200.202301161003/tools/bin/../lib/gcc/arm-none-eabi/10.3.1/thumb/v6-m/nofp/crti.o
                0x0000000008003f98                _fini
 .fini          0x0000000008003f9c        0x8 c:/users/sesa711668/stm32/stm32cubeide_1.12.0/stm32cubeide/plugins/com.st.stm32cube.ide.mcu.externaltools.gnu-tools-for-stm32.10.3-2021.10.win32_1.0.200.202301161003/tools/bin/../lib/gcc/arm-none-eabi/10.3.1/thumb/v6-m/nofp/crtn.o
                0x0000000008003fa4                . = ALIGN (0x4)
                0x0000000008003fa4                _etext = .

.vfp11_veneer   0x0000000008003fa4        0x0
 .vfp11_veneer  0x0000000008003fa4        0x0 linker stubs

.v4_bx          0x0000000008003fa4        0x0
 .v4_bx         0x0000000008003fa4        0x0 linker stubs

.iplt           0x0000000008003fa4        0x0
 .iplt          0x0000000008003fa4        0x0 c:/users/sesa711668/stm32/stm32cubeide_1.12.0/stm32cubeide/plugins/com.st.stm32cube.ide.mcu.externaltools.gnu-tools-for-stm32.10.3-2021.10.win32_1.0.200.202301161003/tools/bin/../lib/gcc/arm-none-eabi/10.3.1/thumb/v6-m/nofp/crtbegin.o

.rodata         0x0000000008003fa4       0x5c
                0x0000000008003fa4                . = ALIGN (0x4)
 *(.rodata)
 .rodata        0x0000000008003fa4       0x21 ./Core/Src/main.o
 *(.rodata*)
 *fill*         0x0000000008003fc5        0x3 
 .rodata.AHBPrescTable
                0x0000000008003fc8       0x10 ./Core/Src/system_stm32f0xx.o
                0x0000000008003fc8                AHBPrescTable
 .rodata.APBPrescTable
                0x0000000008003fd8        0x8 ./Core/Src/system_stm32f0xx.o
                0x0000000008003fd8                APBPrescTable
 .rodata.aPLLMULFactorTable.1
                0x0000000008003fe0       0x10 ./Drivers/STM32F0xx_HAL_Driver/Src/stm32f0xx_hal_rcc.o
 .rodata.aPredivFactorTable.0
                0x0000000008003ff0       0x10 ./Drivers/STM32F0xx_HAL_Driver/Src/stm32f0xx_hal_rcc.o
                0x0000000008004000                . = ALIGN (0x4)

.rel.dyn        0x0000000008004000        0x0
 .rel.iplt      0x0000000008004000        0x0 c:/users/sesa711668/stm32/stm32cubeide_1.12.0/stm32cubeide/plugins/com.st.stm32cube.ide.mcu.externaltools.gnu-tools-for-stm32.10.3-2021.10.win32_1.0.200.202301161003/tools/bin/../lib/gcc/arm-none-eabi/10.3.1/thumb/v6-m/nofp/crtbegin.o

.ARM.extab      0x0000000008004000        0x0
                0x0000000008004000                . = ALIGN (0x4)
 *(.ARM.extab* .gnu.linkonce.armextab.*)
                0x0000000008004000                . = ALIGN (0x4)

.ARM            0x0000000008004000        0x0
                0x0000000008004000                . = ALIGN (0x4)
                0x0000000008004000                __exidx_start = .
 *(.ARM.exidx*)
                0x0000000008004000                __exidx_end = .
                0x0000000008004000                . = ALIGN (0x4)

.preinit_array  0x0000000008004000        0x0
                0x0000000008004000                . = ALIGN (0x4)
                0x0000000008004000                PROVIDE (__preinit_array_start = .)
 *(.preinit_array*)
                0x0000000008004000                PROVIDE (__preinit_array_end = .)
                0x0000000008004000                . = ALIGN (0x4)

.init_array     0x0000000008004000        0x4
                0x0000000008004000                . = ALIGN (0x4)
                0x0000000008004000                PROVIDE (__init_array_start = .)
 *(SORT_BY_NAME(.init_array.*))
 *(.init_array*)
 .init_array    0x0000000008004000        0x4 c:/users/sesa711668/stm32/stm32cubeide_1.12.0/stm32cubeide/plugins/com.st.stm32cube.ide.mcu.externaltools.gnu-tools-for-stm32.10.3-2021.10.win32_1.0.200.202301161003/tools/bin/../lib/gcc/arm-none-eabi/10.3.1/thumb/v6-m/nofp/crtbegin.o
                0x0000000008004004                PROVIDE (__init_array_end = .)
                0x0000000008004004                . = ALIGN (0x4)

.fini_array     0x0000000008004004        0x4
                0x0000000008004004                . = ALIGN (0x4)
                [!provide]                        PROVIDE (__fini_array_start = .)
 *(SORT_BY_NAME(.fini_array.*))
 *(.fini_array*)
 .fini_array    0x0000000008004004        0x4 c:/users/sesa711668/stm32/stm32cubeide_1.12.0/stm32cubeide/plugins/com.st.stm32cube.ide.mcu.externaltools.gnu-tools-for-stm32.10.3-2021.10.win32_1.0.200.202301161003/tools/bin/../lib/gcc/arm-none-eabi/10.3.1/thumb/v6-m/nofp/crtbegin.o
                [!provide]                        PROVIDE (__fini_array_end = .)
                0x0000000008004008                . = ALIGN (0x4)
                0x0000000008004008                _sidata = LOADADDR (.data)

.data           0x0000000020000000       0x1c load address 0x0000000008004008
                0x0000000020000000                . = ALIGN (0x4)
                0x0000000020000000                _sdata = .
 *(.data)
 *(.data*)
 .data.testMode
                0x0000000020000000        0x1 ./Core/Src/main.o
                0x0000000020000000                testMode
 .data.out0     0x0000000020000001        0x1 ./Core/Src/main.o
                0x0000000020000001                out0
 .data.out2     0x0000000020000002        0x1 ./Core/Src/main.o
                0x0000000020000002                out2
 *fill*         0x0000000020000003        0x1 
 .data.adcDataCpy
                0x0000000020000004        0xc ./Core/Src/main.o
                0x0000000020000004                adcDataCpy
 .data.SystemCoreClock
                0x0000000020000010        0x4 ./Core/Src/system_stm32f0xx.o
                0x0000000020000010                SystemCoreClock
 .data.uwTickPrio
                0x0000000020000014        0x4 ./Drivers/STM32F0xx_HAL_Driver/Src/stm32f0xx_hal.o
                0x0000000020000014                uwTickPrio
 .data.uwTickFreq
                0x0000000020000018        0x1 ./Drivers/STM32F0xx_HAL_Driver/Src/stm32f0xx_hal.o
                0x0000000020000018                uwTickFreq
 *(.RamFunc)
 *(.RamFunc*)
                0x000000002000001c                . = ALIGN (0x4)
 *fill*         0x0000000020000019        0x3 
                0x000000002000001c                _edata = .

.igot.plt       0x000000002000001c        0x0 load address 0x0000000008004024
 .igot.plt      0x000000002000001c        0x0 c:/users/sesa711668/stm32/stm32cubeide_1.12.0/stm32cubeide/plugins/com.st.stm32cube.ide.mcu.externaltools.gnu-tools-for-stm32.10.3-2021.10.win32_1.0.200.202301161003/tools/bin/../lib/gcc/arm-none-eabi/10.3.1/thumb/v6-m/nofp/crtbegin.o
                0x000000002000001c                . = ALIGN (0x4)

.bss            0x000000002000001c      0x1ec load address 0x0000000008004024
                0x000000002000001c                _sbss = .
                0x000000002000001c                __bss_start__ = _sbss
 *(.bss)
 .bss           0x000000002000001c       0x1c c:/users/sesa711668/stm32/stm32cubeide_1.12.0/stm32cubeide/plugins/com.st.stm32cube.ide.mcu.externaltools.gnu-tools-for-stm32.10.3-2021.10.win32_1.0.200.202301161003/tools/bin/../lib/gcc/arm-none-eabi/10.3.1/thumb/v6-m/nofp/crtbegin.o
 *(.bss*)
 .bss.hspi1     0x0000000020000038       0x64 ./Core/Src/main.o
                0x0000000020000038                hspi1
 .bss.htim1     0x000000002000009c       0x48 ./Core/Src/main.o
                0x000000002000009c                htim1
 .bss.huart1    0x00000000200000e4       0x88 ./Core/Src/main.o
                0x00000000200000e4                huart1
 .bss.txData    0x000000002000016c       0x12 ./Core/Src/main.o
                0x000000002000016c                txData
 *fill*         0x000000002000017e        0x2 
 .bss.rxData    0x0000000020000180       0x12 ./Core/Src/main.o
                0x0000000020000180                rxData
 .bss.out1      0x0000000020000192        0x1 ./Core/Src/main.o
                0x0000000020000192                out1
 *fill*         0x0000000020000193        0x1 
 .bss.misoData  0x0000000020000194       0x12 ./Core/Src/main.o
                0x0000000020000194                misoData
 *fill*         0x00000000200001a6        0x2 
 .bss.adcData   0x00000000200001a8        0xc ./Core/Src/main.o
                0x00000000200001a8                adcData
 .bss.uartBuf   0x00000000200001b4       0x36 ./Core/Src/main.o
                0x00000000200001b4                uartBuf
 *fill*         0x00000000200001ea        0x2 
 .bss.statusWord
                0x00000000200001ec       0x10 ./Core/Src/main.o
                0x00000000200001ec                statusWord
 .bss.currentTime
                0x00000000200001fc        0x4 ./Core/Src/main.o
                0x00000000200001fc                currentTime
 .bss.elapsedTime
                0x0000000020000200        0x4 ./Core/Src/main.o
                0x0000000020000200                elapsedTime
 .bss.uwTick    0x0000000020000204        0x4 ./Drivers/STM32F0xx_HAL_Driver/Src/stm32f0xx_hal.o
                0x0000000020000204                uwTick
 *(COMMON)
                0x0000000020000208                . = ALIGN (0x4)
                0x0000000020000208                _ebss = .
                0x0000000020000208                __bss_end__ = _ebss

._user_heap_stack
                0x0000000020000208      0x600 load address 0x0000000008004024
                0x0000000020000208                . = ALIGN (0x8)
                [!provide]                        PROVIDE (end = .)
                0x0000000020000208                PROVIDE (_end = .)
                0x0000000020000408                . = (. + _Min_Heap_Size)
 *fill*         0x0000000020000208      0x200 
                0x0000000020000808                . = (. + _Min_Stack_Size)
 *fill*         0x0000000020000408      0x400 
                0x0000000020000808                . = ALIGN (0x8)

/DISCARD/
 libc.a(*)
 libm.a(*)
 libgcc.a(*)

.ARM.attributes
                0x0000000000000000       0x28
 *(.ARM.attributes)
 .ARM.attributes
                0x0000000000000000       0x1e c:/users/sesa711668/stm32/stm32cubeide_1.12.0/stm32cubeide/plugins/com.st.stm32cube.ide.mcu.externaltools.gnu-tools-for-stm32.10.3-2021.10.win32_1.0.200.202301161003/tools/bin/../lib/gcc/arm-none-eabi/10.3.1/thumb/v6-m/nofp/crti.o
 .ARM.attributes
                0x000000000000001e       0x2c c:/users/sesa711668/stm32/stm32cubeide_1.12.0/stm32cubeide/plugins/com.st.stm32cube.ide.mcu.externaltools.gnu-tools-for-stm32.10.3-2021.10.win32_1.0.200.202301161003/tools/bin/../lib/gcc/arm-none-eabi/10.3.1/thumb/v6-m/nofp/crtbegin.o
 .ARM.attributes
                0x000000000000004a       0x2c ./Core/Src/main.o
 .ARM.attributes
                0x0000000000000076       0x2c ./Core/Src/stm32f0xx_hal_msp.o
 .ARM.attributes
                0x00000000000000a2       0x2c ./Core/Src/stm32f0xx_it.o
 .ARM.attributes
                0x00000000000000ce       0x2c ./Core/Src/system_stm32f0xx.o
 .ARM.attributes
                0x00000000000000fa       0x21 ./Core/Startup/startup_stm32f030r8tx.o
 .ARM.attributes
                0x000000000000011b       0x2c ./Drivers/STM32F0xx_HAL_Driver/Src/stm32f0xx_hal.o
 .ARM.attributes
                0x0000000000000147       0x2c ./Drivers/STM32F0xx_HAL_Driver/Src/stm32f0xx_hal_cortex.o
 .ARM.attributes
                0x0000000000000173       0x2c ./Drivers/STM32F0xx_HAL_Driver/Src/stm32f0xx_hal_dma.o
 .ARM.attributes
                0x000000000000019f       0x2c ./Drivers/STM32F0xx_HAL_Driver/Src/stm32f0xx_hal_gpio.o
 .ARM.attributes
                0x00000000000001cb       0x2c ./Drivers/STM32F0xx_HAL_Driver/Src/stm32f0xx_hal_rcc.o
 .ARM.attributes
                0x00000000000001f7       0x2c ./Drivers/STM32F0xx_HAL_Driver/Src/stm32f0xx_hal_rcc_ex.o
 .ARM.attributes
                0x0000000000000223       0x2c ./Drivers/STM32F0xx_HAL_Driver/Src/stm32f0xx_hal_spi.o
 .ARM.attributes
                0x000000000000024f       0x2c ./Drivers/STM32F0xx_HAL_Driver/Src/stm32f0xx_hal_tim.o
 .ARM.attributes
                0x000000000000027b       0x2c ./Drivers/STM32F0xx_HAL_Driver/Src/stm32f0xx_hal_tim_ex.o
 .ARM.attributes
                0x00000000000002a7       0x2c ./Drivers/STM32F0xx_HAL_Driver/Src/stm32f0xx_hal_uart.o
 .ARM.attributes
                0x00000000000002d3       0x2c c:/users/sesa711668/stm32/stm32cubeide_1.12.0/stm32cubeide/plugins/com.st.stm32cube.ide.mcu.externaltools.gnu-tools-for-stm32.10.3-2021.10.win32_1.0.200.202301161003/tools/bin/../lib/gcc/arm-none-eabi/10.3.1/../../../../arm-none-eabi/lib/thumb/v6-m/nofp\libc_nano.a(lib_a-init.o)
 .ARM.attributes
                0x00000000000002ff       0x2c c:/users/sesa711668/stm32/stm32cubeide_1.12.0/stm32cubeide/plugins/com.st.stm32cube.ide.mcu.externaltools.gnu-tools-for-stm32.10.3-2021.10.win32_1.0.200.202301161003/tools/bin/../lib/gcc/arm-none-eabi/10.3.1/../../../../arm-none-eabi/lib/thumb/v6-m/nofp\libc_nano.a(lib_a-memcpy-stub.o)
 .ARM.attributes
                0x000000000000032b       0x2c c:/users/sesa711668/stm32/stm32cubeide_1.12.0/stm32cubeide/plugins/com.st.stm32cube.ide.mcu.externaltools.gnu-tools-for-stm32.10.3-2021.10.win32_1.0.200.202301161003/tools/bin/../lib/gcc/arm-none-eabi/10.3.1/../../../../arm-none-eabi/lib/thumb/v6-m/nofp\libc_nano.a(lib_a-memset.o)
 .ARM.attributes
                0x0000000000000357       0x1e c:/users/sesa711668/stm32/stm32cubeide_1.12.0/stm32cubeide/plugins/com.st.stm32cube.ide.mcu.externaltools.gnu-tools-for-stm32.10.3-2021.10.win32_1.0.200.202301161003/tools/bin/../lib/gcc/arm-none-eabi/10.3.1/thumb/v6-m/nofp\libgcc.a(_udivsi3.o)
 .ARM.attributes
                0x0000000000000375       0x1e c:/users/sesa711668/stm32/stm32cubeide_1.12.0/stm32cubeide/plugins/com.st.stm32cube.ide.mcu.externaltools.gnu-tools-for-stm32.10.3-2021.10.win32_1.0.200.202301161003/tools/bin/../lib/gcc/arm-none-eabi/10.3.1/thumb/v6-m/nofp\libgcc.a(_dvmd_tls.o)
 .ARM.attributes
                0x0000000000000393       0x1e c:/users/sesa711668/stm32/stm32cubeide_1.12.0/stm32cubeide/plugins/com.st.stm32cube.ide.mcu.externaltools.gnu-tools-for-stm32.10.3-2021.10.win32_1.0.200.202301161003/tools/bin/../lib/gcc/arm-none-eabi/10.3.1/thumb/v6-m/nofp/crtn.o
OUTPUT(SPI_MASTER_10MHz.elf elf32-littlearm)
LOAD linker stubs
LOAD c:/users/sesa711668/stm32/stm32cubeide_1.12.0/stm32cubeide/plugins/com.st.stm32cube.ide.mcu.externaltools.gnu-tools-for-stm32.10.3-2021.10.win32_1.0.200.202301161003/tools/bin/../lib/gcc/arm-none-eabi/10.3.1/../../../../arm-none-eabi/lib/thumb/v6-m/nofp\libc.a
LOAD c:/users/sesa711668/stm32/stm32cubeide_1.12.0/stm32cubeide/plugins/com.st.stm32cube.ide.mcu.externaltools.gnu-tools-for-stm32.10.3-2021.10.win32_1.0.200.202301161003/tools/bin/../lib/gcc/arm-none-eabi/10.3.1/../../../../arm-none-eabi/lib/thumb/v6-m/nofp\libm.a
LOAD c:/users/sesa711668/stm32/stm32cubeide_1.12.0/stm32cubeide/plugins/com.st.stm32cube.ide.mcu.externaltools.gnu-tools-for-stm32.10.3-2021.10.win32_1.0.200.202301161003/tools/bin/../lib/gcc/arm-none-eabi/10.3.1/thumb/v6-m/nofp\libgcc.a

.debug_info     0x0000000000000000     0xf2af
 .debug_info    0x0000000000000000     0x17d2 ./Core/Src/main.o
 .debug_info    0x00000000000017d2     0x1144 ./Core/Src/stm32f0xx_hal_msp.o
 .debug_info    0x0000000000002916      0xa6d ./Core/Src/stm32f0xx_it.o
 .debug_info    0x0000000000003383      0x269 ./Core/Src/system_stm32f0xx.o
 .debug_info    0x00000000000035ec       0x22 ./Core/Startup/startup_stm32f030r8tx.o
 .debug_info    0x000000000000360e      0x6bb ./Drivers/STM32F0xx_HAL_Driver/Src/stm32f0xx_hal.o
 .debug_info    0x0000000000003cc9      0x6f9 ./Drivers/STM32F0xx_HAL_Driver/Src/stm32f0xx_hal_cortex.o
 .debug_info    0x00000000000043c2      0x752 ./Drivers/STM32F0xx_HAL_Driver/Src/stm32f0xx_hal_dma.o
 .debug_info    0x0000000000004b14      0x611 ./Drivers/STM32F0xx_HAL_Driver/Src/stm32f0xx_hal_gpio.o
 .debug_info    0x0000000000005125      0x88c ./Drivers/STM32F0xx_HAL_Driver/Src/stm32f0xx_hal_rcc.o
 .debug_info    0x00000000000059b1      0x37b ./Drivers/STM32F0xx_HAL_Driver/Src/stm32f0xx_hal_rcc_ex.o
 .debug_info    0x0000000000005d2c     0x1769 ./Drivers/STM32F0xx_HAL_Driver/Src/stm32f0xx_hal_spi.o
 .debug_info    0x0000000000007495     0x2ba1 ./Drivers/STM32F0xx_HAL_Driver/Src/stm32f0xx_hal_tim.o
 .debug_info    0x000000000000a036     0x15bd ./Drivers/STM32F0xx_HAL_Driver/Src/stm32f0xx_hal_tim_ex.o
 .debug_info    0x000000000000b5f3     0x3cbc ./Drivers/STM32F0xx_HAL_Driver/Src/stm32f0xx_hal_uart.o

.debug_abbrev   0x0000000000000000     0x1de1
 .debug_abbrev  0x0000000000000000      0x303 ./Core/Src/main.o
 .debug_abbrev  0x0000000000000303      0x1cc ./Core/Src/stm32f0xx_hal_msp.o
 .debug_abbrev  0x00000000000004cf      0x19c ./Core/Src/stm32f0xx_it.o
 .debug_abbrev  0x000000000000066b      0x116 ./Core/Src/system_stm32f0xx.o
 .debug_abbrev  0x0000000000000781       0x12 ./Core/Startup/startup_stm32f030r8tx.o
 .debug_abbrev  0x0000000000000793      0x23f ./Drivers/STM32F0xx_HAL_Driver/Src/stm32f0xx_hal.o
 .debug_abbrev  0x00000000000009d2      0x283 ./Drivers/STM32F0xx_HAL_Driver/Src/stm32f0xx_hal_cortex.o
 .debug_abbrev  0x0000000000000c55      0x1e9 ./Drivers/STM32F0xx_HAL_Driver/Src/stm32f0xx_hal_dma.o
 .debug_abbrev  0x0000000000000e3e      0x1bb ./Drivers/STM32F0xx_HAL_Driver/Src/stm32f0xx_hal_gpio.o
 .debug_abbrev  0x0000000000000ff9      0x283 ./Drivers/STM32F0xx_HAL_Driver/Src/stm32f0xx_hal_rcc.o
 .debug_abbrev  0x000000000000127c      0x169 ./Drivers/STM32F0xx_HAL_Driver/Src/stm32f0xx_hal_rcc_ex.o
 .debug_abbrev  0x00000000000013e5      0x254 ./Drivers/STM32F0xx_HAL_Driver/Src/stm32f0xx_hal_spi.o
 .debug_abbrev  0x0000000000001639      0x275 ./Drivers/STM32F0xx_HAL_Driver/Src/stm32f0xx_hal_tim.o
 .debug_abbrev  0x00000000000018ae      0x27d ./Drivers/STM32F0xx_HAL_Driver/Src/stm32f0xx_hal_tim_ex.o
 .debug_abbrev  0x0000000000001b2b      0x2b6 ./Drivers/STM32F0xx_HAL_Driver/Src/stm32f0xx_hal_uart.o

.debug_aranges  0x0000000000000000      0xdc0
 .debug_aranges
                0x0000000000000000       0x88 ./Core/Src/main.o
 .debug_aranges
                0x0000000000000088       0x50 ./Core/Src/stm32f0xx_hal_msp.o
 .debug_aranges
                0x00000000000000d8       0x50 ./Core/Src/stm32f0xx_it.o
 .debug_aranges
                0x0000000000000128       0x28 ./Core/Src/system_stm32f0xx.o
 .debug_aranges
                0x0000000000000150       0x28 ./Core/Startup/startup_stm32f030r8tx.o
 .debug_aranges
                0x0000000000000178       0xd0 ./Drivers/STM32F0xx_HAL_Driver/Src/stm32f0xx_hal.o
 .debug_aranges
                0x0000000000000248       0xc0 ./Drivers/STM32F0xx_HAL_Driver/Src/stm32f0xx_hal_cortex.o
 .debug_aranges
                0x0000000000000308       0x88 ./Drivers/STM32F0xx_HAL_Driver/Src/stm32f0xx_hal_dma.o
 .debug_aranges
                0x0000000000000390       0x58 ./Drivers/STM32F0xx_HAL_Driver/Src/stm32f0xx_hal_gpio.o
 .debug_aranges
                0x00000000000003e8       0x80 ./Drivers/STM32F0xx_HAL_Driver/Src/stm32f0xx_hal_rcc.o
 .debug_aranges
                0x0000000000000468       0x30 ./Drivers/STM32F0xx_HAL_Driver/Src/stm32f0xx_hal_rcc_ex.o
 .debug_aranges
                0x0000000000000498      0x1d8 ./Drivers/STM32F0xx_HAL_Driver/Src/stm32f0xx_hal_spi.o
 .debug_aranges
                0x0000000000000670      0x3d0 ./Drivers/STM32F0xx_HAL_Driver/Src/stm32f0xx_hal_tim.o
 .debug_aranges
                0x0000000000000a40      0x168 ./Drivers/STM32F0xx_HAL_Driver/Src/stm32f0xx_hal_tim_ex.o
 .debug_aranges
                0x0000000000000ba8      0x218 ./Drivers/STM32F0xx_HAL_Driver/Src/stm32f0xx_hal_uart.o

.debug_ranges   0x0000000000000000      0xd08
 .debug_ranges  0x0000000000000000       0x78 ./Core/Src/main.o
 .debug_ranges  0x0000000000000078       0x40 ./Core/Src/stm32f0xx_hal_msp.o
 .debug_ranges  0x00000000000000b8       0x40 ./Core/Src/stm32f0xx_it.o
 .debug_ranges  0x00000000000000f8       0x18 ./Core/Src/system_stm32f0xx.o
 .debug_ranges  0x0000000000000110       0x20 ./Core/Startup/startup_stm32f030r8tx.o
 .debug_ranges  0x0000000000000130       0xc0 ./Drivers/STM32F0xx_HAL_Driver/Src/stm32f0xx_hal.o
 .debug_ranges  0x00000000000001f0       0xb0 ./Drivers/STM32F0xx_HAL_Driver/Src/stm32f0xx_hal_cortex.o
 .debug_ranges  0x00000000000002a0       0x78 ./Drivers/STM32F0xx_HAL_Driver/Src/stm32f0xx_hal_dma.o
 .debug_ranges  0x0000000000000318       0x48 ./Drivers/STM32F0xx_HAL_Driver/Src/stm32f0xx_hal_gpio.o
 .debug_ranges  0x0000000000000360       0x70 ./Drivers/STM32F0xx_HAL_Driver/Src/stm32f0xx_hal_rcc.o
 .debug_ranges  0x00000000000003d0       0x20 ./Drivers/STM32F0xx_HAL_Driver/Src/stm32f0xx_hal_rcc_ex.o
 .debug_ranges  0x00000000000003f0      0x1c8 ./Drivers/STM32F0xx_HAL_Driver/Src/stm32f0xx_hal_spi.o
 .debug_ranges  0x00000000000005b8      0x3c0 ./Drivers/STM32F0xx_HAL_Driver/Src/stm32f0xx_hal_tim.o
 .debug_ranges  0x0000000000000978      0x158 ./Drivers/STM32F0xx_HAL_Driver/Src/stm32f0xx_hal_tim_ex.o
 .debug_ranges  0x0000000000000ad0      0x238 ./Drivers/STM32F0xx_HAL_Driver/Src/stm32f0xx_hal_uart.o

.debug_macro    0x0000000000000000    0x10bf4
 .debug_macro   0x0000000000000000      0x395 ./Core/Src/main.o
 .debug_macro   0x0000000000000395      0xa4e ./Core/Src/main.o
 .debug_macro   0x0000000000000de3      0x139 ./Core/Src/main.o
 .debug_macro   0x0000000000000f1c       0x2e ./Core/Src/main.o
 .debug_macro   0x0000000000000f4a       0x22 ./Core/Src/main.o
 .debug_macro   0x0000000000000f6c       0x22 ./Core/Src/main.o
 .debug_macro   0x0000000000000f8e       0x8e ./Core/Src/main.o
 .debug_macro   0x000000000000101c       0x51 ./Core/Src/main.o
 .debug_macro   0x000000000000106d      0x103 ./Core/Src/main.o
 .debug_macro   0x0000000000001170       0x6a ./Core/Src/main.o
 .debug_macro   0x00000000000011da      0x1df ./Core/Src/main.o
 .debug_macro   0x00000000000013b9       0x1c ./Core/Src/main.o
 .debug_macro   0x00000000000013d5       0x22 ./Core/Src/main.o
 .debug_macro   0x00000000000013f7       0xaf ./Core/Src/main.o
 .debug_macro   0x00000000000014a6      0x391 ./Core/Src/main.o
 .debug_macro   0x0000000000001837     0x6f47 ./Core/Src/main.o
 .debug_macro   0x000000000000877e       0x66 ./Core/Src/main.o
 .debug_macro   0x00000000000087e4     0x34be ./Core/Src/main.o
 .debug_macro   0x000000000000bca2      0x174 ./Core/Src/main.o
 .debug_macro   0x000000000000be16       0x55 ./Core/Src/main.o
 .debug_macro   0x000000000000be6b      0x924 ./Core/Src/main.o
 .debug_macro   0x000000000000c78f      0x17f ./Core/Src/main.o
 .debug_macro   0x000000000000c90e      0x1ae ./Core/Src/main.o
 .debug_macro   0x000000000000cabc       0xd8 ./Core/Src/main.o
 .debug_macro   0x000000000000cb94      0x1a0 ./Core/Src/main.o
 .debug_macro   0x000000000000cd34      0x1ed ./Core/Src/main.o
 .debug_macro   0x000000000000cf21       0x34 ./Core/Src/main.o
 .debug_macro   0x000000000000cf55       0x43 ./Core/Src/main.o
 .debug_macro   0x000000000000cf98       0x28 ./Core/Src/main.o
 .debug_macro   0x000000000000cfc0       0xb0 ./Core/Src/main.o
 .debug_macro   0x000000000000d070      0x199 ./Core/Src/main.o
 .debug_macro   0x000000000000d209      0x22c ./Core/Src/main.o
 .debug_macro   0x000000000000d435       0x61 ./Core/Src/main.o
 .debug_macro   0x000000000000d496       0xa5 ./Core/Src/main.o
 .debug_macro   0x000000000000d53b       0x4c ./Core/Src/main.o
 .debug_macro   0x000000000000d587       0x2b ./Core/Src/main.o
 .debug_macro   0x000000000000d5b2      0x2fe ./Core/Src/main.o
 .debug_macro   0x000000000000d8b0      0x8f4 ./Core/Src/main.o
 .debug_macro   0x000000000000e1a4       0x28 ./Core/Src/main.o
 .debug_macro   0x000000000000e1cc      0x56d ./Core/Src/main.o
 .debug_macro   0x000000000000e739       0x3e ./Core/Src/main.o
 .debug_macro   0x000000000000e777       0xff ./Core/Src/main.o
 .debug_macro   0x000000000000e876       0x10 ./Core/Src/main.o
 .debug_macro   0x000000000000e886       0x22 ./Core/Src/main.o
 .debug_macro   0x000000000000e8a8       0x52 ./Core/Src/main.o
 .debug_macro   0x000000000000e8fa       0x18 ./Core/Src/main.o
 .debug_macro   0x000000000000e912       0x3c ./Core/Src/main.o
 .debug_macro   0x000000000000e94e       0x34 ./Core/Src/main.o
 .debug_macro   0x000000000000e982       0x16 ./Core/Src/main.o
 .debug_macro   0x000000000000e998       0x35 ./Core/Src/main.o
 .debug_macro   0x000000000000e9cd      0x341 ./Core/Src/main.o
 .debug_macro   0x000000000000ed0e       0x10 ./Core/Src/main.o
 .debug_macro   0x000000000000ed1e       0x16 ./Core/Src/main.o
 .debug_macro   0x000000000000ed34       0x43 ./Core/Src/main.o
 .debug_macro   0x000000000000ed77       0x34 ./Core/Src/main.o
 .debug_macro   0x000000000000edab       0x10 ./Core/Src/main.o
 .debug_macro   0x000000000000edbb       0x58 ./Core/Src/main.o
 .debug_macro   0x000000000000ee13       0x71 ./Core/Src/main.o
 .debug_macro   0x000000000000ee84       0x1c ./Core/Src/main.o
 .debug_macro   0x000000000000eea0      0x12a ./Core/Src/main.o
 .debug_macro   0x000000000000efca       0x10 ./Core/Src/main.o
 .debug_macro   0x000000000000efda       0x1c ./Core/Src/main.o
 .debug_macro   0x000000000000eff6       0x52 ./Core/Src/main.o
 .debug_macro   0x000000000000f048       0x22 ./Core/Src/main.o
 .debug_macro   0x000000000000f06a       0x10 ./Core/Src/main.o
 .debug_macro   0x000000000000f07a       0x52 ./Core/Src/main.o
 .debug_macro   0x000000000000f0cc       0xd5 ./Core/Src/main.o
 .debug_macro   0x000000000000f1a1       0x1c ./Core/Src/main.o
 .debug_macro   0x000000000000f1bd       0x3d ./Core/Src/main.o
 .debug_macro   0x000000000000f1fa       0x16 ./Core/Src/main.o
 .debug_macro   0x000000000000f210      0x145 ./Core/Src/main.o
 .debug_macro   0x000000000000f355       0x16 ./Core/Src/main.o
 .debug_macro   0x000000000000f36b       0x20 ./Core/Src/main.o
 .debug_macro   0x000000000000f38b      0x1e5 ./Core/Src/stm32f0xx_hal_msp.o
 .debug_macro   0x000000000000f570      0x1ef ./Core/Src/stm32f0xx_it.o
 .debug_macro   0x000000000000f75f      0x1d6 ./Core/Src/system_stm32f0xx.o
 .debug_macro   0x000000000000f935      0x1fa ./Drivers/STM32F0xx_HAL_Driver/Src/stm32f0xx_hal.o
 .debug_macro   0x000000000000fb2f      0x1d6 ./Drivers/STM32F0xx_HAL_Driver/Src/stm32f0xx_hal_cortex.o
 .debug_macro   0x000000000000fd05      0x1d6 ./Drivers/STM32F0xx_HAL_Driver/Src/stm32f0xx_hal_dma.o
 .debug_macro   0x000000000000fedb      0x1dd ./Drivers/STM32F0xx_HAL_Driver/Src/stm32f0xx_hal_gpio.o
 .debug_macro   0x00000000000100b8      0x1e8 ./Drivers/STM32F0xx_HAL_Driver/Src/stm32f0xx_hal_rcc.o
 .debug_macro   0x00000000000102a0      0x1d6 ./Drivers/STM32F0xx_HAL_Driver/Src/stm32f0xx_hal_rcc_ex.o
 .debug_macro   0x0000000000010476      0x1de ./Drivers/STM32F0xx_HAL_Driver/Src/stm32f0xx_hal_spi.o
 .debug_macro   0x0000000000010654      0x1d7 ./Drivers/STM32F0xx_HAL_Driver/Src/stm32f0xx_hal_tim.o
 .debug_macro   0x000000000001082b      0x1d6 ./Drivers/STM32F0xx_HAL_Driver/Src/stm32f0xx_hal_tim_ex.o
 .debug_macro   0x0000000000010a01      0x1f3 ./Drivers/STM32F0xx_HAL_Driver/Src/stm32f0xx_hal_uart.o

.debug_line     0x0000000000000000    0x1091b
 .debug_line    0x0000000000000000      0xf75 ./Core/Src/main.o
 .debug_line    0x0000000000000f75      0x868 ./Core/Src/stm32f0xx_hal_msp.o
 .debug_line    0x00000000000017dd      0x825 ./Core/Src/stm32f0xx_it.o
 .debug_line    0x0000000000002002      0x800 ./Core/Src/system_stm32f0xx.o
 .debug_line    0x0000000000002802       0x89 ./Core/Startup/startup_stm32f030r8tx.o
 .debug_line    0x000000000000288b      0xa0b ./Drivers/STM32F0xx_HAL_Driver/Src/stm32f0xx_hal.o
 .debug_line    0x0000000000003296      0xab7 ./Drivers/STM32F0xx_HAL_Driver/Src/stm32f0xx_hal_cortex.o
 .debug_line    0x0000000000003d4d      0xd2f ./Drivers/STM32F0xx_HAL_Driver/Src/stm32f0xx_hal_dma.o
 .debug_line    0x0000000000004a7c      0xb86 ./Drivers/STM32F0xx_HAL_Driver/Src/stm32f0xx_hal_gpio.o
 .debug_line    0x0000000000005602      0xdf3 ./Drivers/STM32F0xx_HAL_Driver/Src/stm32f0xx_hal_rcc.o
 .debug_line    0x00000000000063f5      0x96a ./Drivers/STM32F0xx_HAL_Driver/Src/stm32f0xx_hal_rcc_ex.o
 .debug_line    0x0000000000006d5f     0x1f5f ./Drivers/STM32F0xx_HAL_Driver/Src/stm32f0xx_hal_spi.o
 .debug_line    0x0000000000008cbe     0x3703 ./Drivers/STM32F0xx_HAL_Driver/Src/stm32f0xx_hal_tim.o
 .debug_line    0x000000000000c3c1     0x197d ./Drivers/STM32F0xx_HAL_Driver/Src/stm32f0xx_hal_tim_ex.o
 .debug_line    0x000000000000dd3e     0x2bdd ./Drivers/STM32F0xx_HAL_Driver/Src/stm32f0xx_hal_uart.o

.debug_str      0x0000000000000000    0x67690
 .debug_str     0x0000000000000000    0x6485e ./Core/Src/main.o
                                      0x64be6 (size before relaxing)
 .debug_str     0x000000000006485e      0x221 ./Core/Src/stm32f0xx_hal_msp.o
                                      0x60aee (size before relaxing)
 .debug_str     0x0000000000064a7f       0xda ./Core/Src/stm32f0xx_it.o
                                      0x606e5 (size before relaxing)
 .debug_str     0x0000000000064b59       0x8b ./Core/Src/system_stm32f0xx.o
                                      0x5ff9e (size before relaxing)
 .debug_str     0x0000000000064be4       0x36 ./Core/Startup/startup_stm32f030r8tx.o
                                         0x78 (size before relaxing)
 .debug_str     0x0000000000064c1a      0x37a ./Drivers/STM32F0xx_HAL_Driver/Src/stm32f0xx_hal.o
                                      0x60532 (size before relaxing)
 .debug_str     0x0000000000064f94      0x197 ./Drivers/STM32F0xx_HAL_Driver/Src/stm32f0xx_hal_cortex.o
                                      0x60323 (size before relaxing)
 .debug_str     0x000000000006512b      0x248 ./Drivers/STM32F0xx_HAL_Driver/Src/stm32f0xx_hal_dma.o
                                      0x60344 (size before relaxing)
 .debug_str     0x0000000000065373      0x113 ./Drivers/STM32F0xx_HAL_Driver/Src/stm32f0xx_hal_gpio.o
                                      0x6013f (size before relaxing)
 .debug_str     0x0000000000065486      0x21a ./Drivers/STM32F0xx_HAL_Driver/Src/stm32f0xx_hal_rcc.o
                                      0x603da (size before relaxing)
 .debug_str     0x00000000000656a0       0x97 ./Drivers/STM32F0xx_HAL_Driver/Src/stm32f0xx_hal_rcc_ex.o
                                      0x600e7 (size before relaxing)
 .debug_str     0x0000000000065737      0x55c ./Drivers/STM32F0xx_HAL_Driver/Src/stm32f0xx_hal_spi.o
                                      0x60908 (size before relaxing)
 .debug_str     0x0000000000065c93      0xd9d ./Drivers/STM32F0xx_HAL_Driver/Src/stm32f0xx_hal_tim.o
                                      0x613a4 (size before relaxing)
 .debug_str     0x0000000000066a30      0x493 ./Drivers/STM32F0xx_HAL_Driver/Src/stm32f0xx_hal_tim_ex.o
                                      0x60bc0 (size before relaxing)
 .debug_str     0x0000000000066ec3      0x7cd ./Drivers/STM32F0xx_HAL_Driver/Src/stm32f0xx_hal_uart.o
                                      0x60cb7 (size before relaxing)

.comment        0x0000000000000000       0x50
 .comment       0x0000000000000000       0x50 ./Core/Src/main.o
                                         0x51 (size before relaxing)
 .comment       0x0000000000000050       0x51 ./Core/Src/stm32f0xx_hal_msp.o
 .comment       0x0000000000000050       0x51 ./Core/Src/stm32f0xx_it.o
 .comment       0x0000000000000050       0x51 ./Core/Src/system_stm32f0xx.o
 .comment       0x0000000000000050       0x51 ./Drivers/STM32F0xx_HAL_Driver/Src/stm32f0xx_hal.o
 .comment       0x0000000000000050       0x51 ./Drivers/STM32F0xx_HAL_Driver/Src/stm32f0xx_hal_cortex.o
 .comment       0x0000000000000050       0x51 ./Drivers/STM32F0xx_HAL_Driver/Src/stm32f0xx_hal_dma.o
 .comment       0x0000000000000050       0x51 ./Drivers/STM32F0xx_HAL_Driver/Src/stm32f0xx_hal_gpio.o
 .comment       0x0000000000000050       0x51 ./Drivers/STM32F0xx_HAL_Driver/Src/stm32f0xx_hal_rcc.o
 .comment       0x0000000000000050       0x51 ./Drivers/STM32F0xx_HAL_Driver/Src/stm32f0xx_hal_rcc_ex.o
 .comment       0x0000000000000050       0x51 ./Drivers/STM32F0xx_HAL_Driver/Src/stm32f0xx_hal_spi.o
 .comment       0x0000000000000050       0x51 ./Drivers/STM32F0xx_HAL_Driver/Src/stm32f0xx_hal_tim.o
 .comment       0x0000000000000050       0x51 ./Drivers/STM32F0xx_HAL_Driver/Src/stm32f0xx_hal_tim_ex.o
 .comment       0x0000000000000050       0x51 ./Drivers/STM32F0xx_HAL_Driver/Src/stm32f0xx_hal_uart.o

.debug_frame    0x0000000000000000     0x3218
 .debug_frame   0x0000000000000000      0x1c8 ./Core/Src/main.o
 .debug_frame   0x00000000000001c8       0xf0 ./Core/Src/stm32f0xx_hal_msp.o
 .debug_frame   0x00000000000002b8       0xd4 ./Core/Src/stm32f0xx_it.o
 .debug_frame   0x000000000000038c       0x4c ./Core/Src/system_stm32f0xx.o
 .debug_frame   0x00000000000003d8      0x2a4 ./Drivers/STM32F0xx_HAL_Driver/Src/stm32f0xx_hal.o
 .debug_frame   0x000000000000067c      0x2a0 ./Drivers/STM32F0xx_HAL_Driver/Src/stm32f0xx_hal_cortex.o
 .debug_frame   0x000000000000091c      0x1d0 ./Drivers/STM32F0xx_HAL_Driver/Src/stm32f0xx_hal_dma.o
 .debug_frame   0x0000000000000aec      0x110 ./Drivers/STM32F0xx_HAL_Driver/Src/stm32f0xx_hal_gpio.o
 .debug_frame   0x0000000000000bfc      0x198 ./Drivers/STM32F0xx_HAL_Driver/Src/stm32f0xx_hal_rcc.o
 .debug_frame   0x0000000000000d94       0x70 ./Drivers/STM32F0xx_HAL_Driver/Src/stm32f0xx_hal_rcc_ex.o
 .debug_frame   0x0000000000000e04      0x710 ./Drivers/STM32F0xx_HAL_Driver/Src/stm32f0xx_hal_spi.o
 .debug_frame   0x0000000000001514      0xf00 ./Drivers/STM32F0xx_HAL_Driver/Src/stm32f0xx_hal_tim.o
 .debug_frame   0x0000000000002414      0x560 ./Drivers/STM32F0xx_HAL_Driver/Src/stm32f0xx_hal_tim_ex.o
 .debug_frame   0x0000000000002974      0x810 ./Drivers/STM32F0xx_HAL_Driver/Src/stm32f0xx_hal_uart.o
 .debug_frame   0x0000000000003184       0x2c c:/users/sesa711668/stm32/stm32cubeide_1.12.0/stm32cubeide/plugins/com.st.stm32cube.ide.mcu.externaltools.gnu-tools-for-stm32.10.3-2021.10.win32_1.0.200.202301161003/tools/bin/../lib/gcc/arm-none-eabi/10.3.1/../../../../arm-none-eabi/lib/thumb/v6-m/nofp\libc_nano.a(lib_a-init.o)
 .debug_frame   0x00000000000031b0       0x28 c:/users/sesa711668/stm32/stm32cubeide_1.12.0/stm32cubeide/plugins/com.st.stm32cube.ide.mcu.externaltools.gnu-tools-for-stm32.10.3-2021.10.win32_1.0.200.202301161003/tools/bin/../lib/gcc/arm-none-eabi/10.3.1/../../../../arm-none-eabi/lib/thumb/v6-m/nofp\libc_nano.a(lib_a-memcpy-stub.o)
 .debug_frame   0x00000000000031d8       0x20 c:/users/sesa711668/stm32/stm32cubeide_1.12.0/stm32cubeide/plugins/com.st.stm32cube.ide.mcu.externaltools.gnu-tools-for-stm32.10.3-2021.10.win32_1.0.200.202301161003/tools/bin/../lib/gcc/arm-none-eabi/10.3.1/../../../../arm-none-eabi/lib/thumb/v6-m/nofp\libc_nano.a(lib_a-memset.o)
 .debug_frame   0x00000000000031f8       0x20 c:/users/sesa711668/stm32/stm32cubeide_1.12.0/stm32cubeide/plugins/com.st.stm32cube.ide.mcu.externaltools.gnu-tools-for-stm32.10.3-2021.10.win32_1.0.200.202301161003/tools/bin/../lib/gcc/arm-none-eabi/10.3.1/thumb/v6-m/nofp\libgcc.a(_udivsi3.o)
