../Core/Src/main.c:118:5:main	40	static
../Core/Src/main.c:185:6:SystemClock_Config	96	static
../Core/Src/main.c:231:13:MX_SPI1_Init	8	static
../Core/Src/main.c:271:13:MX_TIM1_Init	40	static
../Core/Src/main.c:317:13:MX_USART1_UART_Init	16	static
../Core/Src/main.c:350:13:MX_DMA_Init	16	static
../Core/Src/main.c:368:13:MX_GPIO_Init	48	static
../Core/Src/main.c:395:10:setTxData	24	static
../Core/Src/main.c:425:11:readADC	24	static
../Core/Src/main.c:434:6:handleReceivedData	16	static
../Core/Src/main.c:444:7:uint16_to_char_array	40	static
../Core/Src/main.c:462:6:uartPrint	32	static
../Core/Src/main.c:492:6:HAL_UART_TxCpltCallback	16	static
../Core/Src/main.c:503:6:HAL_TIM_PeriodElapsedCallback	24	static
../Core/Src/main.c:535:6:Error_Handler	8	static,ignoring_inline_asm
