../Core/Src/main.c:113:5:main	40	static
../Core/Src/main.c:182:6:SystemClock_Config	96	static
../Core/Src/main.c:228:13:MX_SPI1_Init	8	static
../Core/Src/main.c:268:13:MX_TIM1_Init	40	static
../Core/Src/main.c:314:13:MX_USART1_UART_Init	16	static
../Core/Src/main.c:349:13:MX_GPIO_Init	48	static
../Core/Src/main.c:376:10:setTxData	24	static
../Core/Src/main.c:406:11:readADC	24	static
../Core/Src/main.c:415:6:handleReceivedData	16	static
../Core/Src/main.c:425:7:uint16_to_char_array	40	static
../Core/Src/main.c:443:6:uartPrint	32	static
../Core/Src/main.c:475:6:HAL_UART_TxCpltCallback	16	static
../Core/Src/main.c:484:6:HAL_TIM_PeriodElapsedCallback	24	static
../Core/Src/main.c:510:6:Error_Handler	8	static,ignoring_inline_asm
